// Jest Snapshot v1, https://goo.gl/fbAQLP

exports[`Steps render renders correctly 1`] = `
<div
  class="rc-steps rc-steps-horizontal rc-steps-label-horizontal"
>
  <div
    class="rc-steps-item rc-steps-item-process rc-steps-item-active"
  >
    <div
      class="rc-steps-item-container"
    >
      <div
        class="rc-steps-item-tail"
      />
      <div
        class="rc-steps-item-icon"
      >
        <span
          class="rc-steps-icon"
        >
          1
        </span>
      </div>
      <div
        class="rc-steps-item-content"
      >
        <div
          class="rc-steps-item-title"
        >
          已完成
        </div>
      </div>
    </div>
  </div>
  <div
    class="rc-steps-item rc-steps-item-wait"
  >
    <div
      class="rc-steps-item-container"
    >
      <div
        class="rc-steps-item-tail"
      />
      <div
        class="rc-steps-item-icon"
      >
        <span
          class="rc-steps-icon"
        >
          2
        </span>
      </div>
      <div
        class="rc-steps-item-content"
      >
        <div
          class="rc-steps-item-title"
        >
          进行中
        </div>
      </div>
    </div>
  </div>
  <div
    class="rc-steps-item rc-steps-item-wait"
  >
    <div
      class="rc-steps-item-container"
    >
      <div
        class="rc-steps-item-tail"
      />
      <div
        class="rc-steps-item-icon"
      >
        <span
          class="rc-steps-icon"
        >
          3
        </span>
      </div>
      <div
        class="rc-steps-item-content"
      >
        <div
          class="rc-steps-item-title"
        >
          待运行
        </div>
      </div>
    </div>
  </div>
  <div
    class="rc-steps-item rc-steps-item-wait"
  >
    <div
      class="rc-steps-item-container"
    >
      <div
        class="rc-steps-item-tail"
      />
      <div
        class="rc-steps-item-icon"
      >
        <span
          class="rc-steps-icon"
        >
          4
        </span>
      </div>
      <div
        class="rc-steps-item-content"
      >
        <div
          class="rc-steps-item-title"
        >
          待运行
        </div>
      </div>
    </div>
  </div>
</div>
`;

exports[`Steps render renders current correctly 1`] = `
<div
  class="rc-steps rc-steps-horizontal rc-steps-label-horizontal"
>
  <div
    class="rc-steps-item rc-steps-item-finish"
  >
    <div
      class="rc-steps-item-container"
    >
      <div
        class="rc-steps-item-tail"
      />
      <div
        class="rc-steps-item-icon"
      >
        <span
          class="rc-steps-icon rcicon rcicon-check"
        />
      </div>
      <div
        class="rc-steps-item-content"
      >
        <div
          class="rc-steps-item-title"
        >
          已完成
        </div>
      </div>
    </div>
  </div>
  <div
    class="rc-steps-item rc-steps-item-finish"
  >
    <div
      class="rc-steps-item-container"
    >
      <div
        class="rc-steps-item-tail"
      />
      <div
        class="rc-steps-item-icon"
      >
        <span
          class="rc-steps-icon rcicon rcicon-check"
        />
      </div>
      <div
        class="rc-steps-item-content"
      >
        <div
          class="rc-steps-item-title"
        >
          进行中
        </div>
      </div>
    </div>
  </div>
  <div
    class="rc-steps-item rc-steps-item-process rc-steps-item-active"
  >
    <div
      class="rc-steps-item-container"
    >
      <div
        class="rc-steps-item-tail"
      />
      <div
        class="rc-steps-item-icon"
      >
        <span
          class="rc-steps-icon"
        >
          3
        </span>
      </div>
      <div
        class="rc-steps-item-content"
      >
        <div
          class="rc-steps-item-title"
        >
          待运行
        </div>
      </div>
    </div>
  </div>
  <div
    class="rc-steps-item rc-steps-item-wait"
  >
    <div
      class="rc-steps-item-container"
    >
      <div
        class="rc-steps-item-tail"
      />
      <div
        class="rc-steps-item-icon"
      >
        <span
          class="rc-steps-icon"
        >
          4
        </span>
      </div>
      <div
        class="rc-steps-item-content"
      >
        <div
          class="rc-steps-item-title"
        >
          待运行
        </div>
      </div>
    </div>
  </div>
</div>
`;

exports[`Steps render renders labelPlacement correctly 1`] = `
<div
  class="rc-steps rc-steps-horizontal rc-steps-label-vertical"
>
  <div
    class="rc-steps-item rc-steps-item-process rc-steps-item-active"
  >
    <div
      class="rc-steps-item-container"
    >
      <div
        class="rc-steps-item-tail"
      />
      <div
        class="rc-steps-item-icon"
      >
        <span
          class="rc-steps-icon"
        >
          1
        </span>
      </div>
      <div
        class="rc-steps-item-content"
      >
        <div
          class="rc-steps-item-title"
        >
          已完成
        </div>
      </div>
    </div>
  </div>
  <div
    class="rc-steps-item rc-steps-item-wait"
  >
    <div
      class="rc-steps-item-container"
    >
      <div
        class="rc-steps-item-tail"
      />
      <div
        class="rc-steps-item-icon"
      >
        <span
          class="rc-steps-icon"
        >
          2
        </span>
      </div>
      <div
        class="rc-steps-item-content"
      >
        <div
          class="rc-steps-item-title"
        >
          进行中
        </div>
      </div>
    </div>
  </div>
  <div
    class="rc-steps-item rc-steps-item-wait"
  >
    <div
      class="rc-steps-item-container"
    >
      <div
        class="rc-steps-item-tail"
      />
      <div
        class="rc-steps-item-icon"
      >
        <span
          class="rc-steps-icon"
        >
          3
        </span>
      </div>
      <div
        class="rc-steps-item-content"
      >
        <div
          class="rc-steps-item-title"
        >
          待运行
        </div>
      </div>
    </div>
  </div>
  <div
    class="rc-steps-item rc-steps-item-wait"
  >
    <div
      class="rc-steps-item-container"
    >
      <div
        class="rc-steps-item-tail"
      />
      <div
        class="rc-steps-item-icon"
      >
        <span
          class="rc-steps-icon"
        >
          4
        </span>
      </div>
      <div
        class="rc-steps-item-content"
      >
        <div
          class="rc-steps-item-title"
        >
          待运行
        </div>
      </div>
    </div>
  </div>
</div>
`;

exports[`Steps render renders progressDot correctly 1`] = `
<div
  class="rc-steps rc-steps-horizontal rc-steps-label-vertical rc-steps-dot"
>
  <div
    class="rc-steps-item rc-steps-item-process rc-steps-item-active"
  >
    <div
      class="rc-steps-item-container"
    >
      <div
        class="rc-steps-item-tail"
      />
      <div
        class="rc-steps-item-icon"
      >
        <span
          class="rc-steps-icon"
        >
          <span
            class="rc-steps-icon-dot"
          />
        </span>
      </div>
      <div
        class="rc-steps-item-content"
      >
        <div
          class="rc-steps-item-title"
        >
          已完成
        </div>
      </div>
    </div>
  </div>
  <div
    class="rc-steps-item rc-steps-item-wait"
  >
    <div
      class="rc-steps-item-container"
    >
      <div
        class="rc-steps-item-tail"
      />
      <div
        class="rc-steps-item-icon"
      >
        <span
          class="rc-steps-icon"
        >
          <span
            class="rc-steps-icon-dot"
          />
        </span>
      </div>
      <div
        class="rc-steps-item-content"
      >
        <div
          class="rc-steps-item-title"
        >
          进行中
        </div>
      </div>
    </div>
  </div>
  <div
    class="rc-steps-item rc-steps-item-wait"
  >
    <div
      class="rc-steps-item-container"
    >
      <div
        class="rc-steps-item-tail"
      />
      <div
        class="rc-steps-item-icon"
      >
        <span
          class="rc-steps-icon"
        >
          <span
            class="rc-steps-icon-dot"
          />
        </span>
      </div>
      <div
        class="rc-steps-item-content"
      >
        <div
          class="rc-steps-item-title"
        >
          待运行
        </div>
      </div>
    </div>
  </div>
  <div
    class="rc-steps-item rc-steps-item-wait"
  >
    <div
      class="rc-steps-item-container"
    >
      <div
        class="rc-steps-item-tail"
      />
      <div
        class="rc-steps-item-icon"
      >
        <span
          class="rc-steps-icon"
        >
          <span
            class="rc-steps-icon-dot"
          />
        </span>
      </div>
      <div
        class="rc-steps-item-content"
      >
        <div
          class="rc-steps-item-title"
        >
          待运行
        </div>
      </div>
    </div>
  </div>
</div>
`;

exports[`Steps render renders progressDot function correctly 1`] = `
<div
  class="rc-steps rc-steps-horizontal rc-steps-label-vertical rc-steps-dot"
>
  <div
    class="rc-steps-item rc-steps-item-process rc-steps-item-active"
  >
    <div
      class="rc-steps-item-container"
    >
      <div
        class="rc-steps-item-tail"
      />
      <div
        class="rc-steps-item-icon"
      >
        <span
          class="rc-steps-icon"
        >
          <span>
            a
          </span>
        </span>
      </div>
      <div
        class="rc-steps-item-content"
      >
        <div
          class="rc-steps-item-title"
        >
          已完成
        </div>
      </div>
    </div>
  </div>
  <div
    class="rc-steps-item rc-steps-item-wait"
  >
    <div
      class="rc-steps-item-container"
    >
      <div
        class="rc-steps-item-tail"
      />
      <div
        class="rc-steps-item-icon"
      >
        <span
          class="rc-steps-icon"
        >
          <span>
            a
          </span>
        </span>
      </div>
      <div
        class="rc-steps-item-content"
      >
        <div
          class="rc-steps-item-title"
        >
          进行中
        </div>
      </div>
    </div>
  </div>
  <div
    class="rc-steps-item rc-steps-item-wait"
  >
    <div
      class="rc-steps-item-container"
    >
      <div
        class="rc-steps-item-tail"
      />
      <div
        class="rc-steps-item-icon"
      >
        <span
          class="rc-steps-icon"
        >
          <span>
            a
          </span>
        </span>
      </div>
      <div
        class="rc-steps-item-content"
      >
        <div
          class="rc-steps-item-title"
        >
          待运行
        </div>
      </div>
    </div>
  </div>
  <div
    class="rc-steps-item rc-steps-item-wait"
  >
    <div
      class="rc-steps-item-container"
    >
      <div
        class="rc-steps-item-tail"
      />
      <div
        class="rc-steps-item-icon"
      >
        <span
          class="rc-steps-icon"
        >
          <span>
            a
          </span>
        </span>
      </div>
      <div
        class="rc-steps-item-content"
      >
        <div
          class="rc-steps-item-title"
        >
          待运行
        </div>
      </div>
    </div>
  </div>
</div>
`;

exports[`Steps render renders status correctly 1`] = `
<div
  class="rc-steps rc-steps-horizontal rc-steps-label-horizontal"
>
  <div
    class="rc-steps-item rc-steps-item-finish"
  >
    <div
      class="rc-steps-item-container"
    >
      <div
        class="rc-steps-item-tail"
      />
      <div
        class="rc-steps-item-icon"
      >
        <span
          class="rc-steps-icon rcicon rcicon-check"
        />
      </div>
      <div
        class="rc-steps-item-content"
      >
        <div
          class="rc-steps-item-title"
        >
          已完成
        </div>
      </div>
    </div>
  </div>
  <div
    class="rc-steps-item rc-steps-item-finish rc-steps-next-error"
  >
    <div
      class="rc-steps-item-container"
    >
      <div
        class="rc-steps-item-tail"
      />
      <div
        class="rc-steps-item-icon"
      >
        <span
          class="rc-steps-icon rcicon rcicon-check"
        />
      </div>
      <div
        class="rc-steps-item-content"
      >
        <div
          class="rc-steps-item-title"
        >
          进行中
        </div>
      </div>
    </div>
  </div>
  <div
    class="rc-steps-item rc-steps-item-error rc-steps-item-active"
  >
    <div
      class="rc-steps-item-container"
    >
      <div
        class="rc-steps-item-tail"
      />
      <div
        class="rc-steps-item-icon"
      >
        <span
          class="rc-steps-icon rcicon rcicon-cross"
        />
      </div>
      <div
        class="rc-steps-item-content"
      >
        <div
          class="rc-steps-item-title"
        >
          待运行
        </div>
      </div>
    </div>
  </div>
  <div
    class="rc-steps-item rc-steps-item-wait"
  >
    <div
      class="rc-steps-item-container"
    >
      <div
        class="rc-steps-item-tail"
      />
      <div
        class="rc-steps-item-icon"
      >
        <span
          class="rc-steps-icon"
        >
          4
        </span>
      </div>
      <div
        class="rc-steps-item-content"
      >
        <div
          class="rc-steps-item-title"
        >
          待运行
        </div>
      </div>
    </div>
  </div>
</div>
`;

exports[`Steps render renders step with description 1`] = `
<div
  class="rc-steps rc-steps-horizontal rc-steps-label-horizontal"
>
  <div
    class="rc-steps-item rc-steps-item-process rc-steps-item-active"
  >
    <div
      class="rc-steps-item-container"
    >
      <div
        class="rc-steps-item-tail"
      />
      <div
        class="rc-steps-item-icon"
      >
        <span
          class="rc-steps-icon"
        >
          1
        </span>
      </div>
      <div
        class="rc-steps-item-content"
      >
        <div
          class="rc-steps-item-title"
        >
          已完成
        </div>
        <div
          class="rc-steps-item-description"
        >
          xx
        </div>
      </div>
    </div>
  </div>
  <div
    class="rc-steps-item rc-steps-item-wait"
  >
    <div
      class="rc-steps-item-container"
    >
      <div
        class="rc-steps-item-tail"
      />
      <div
        class="rc-steps-item-icon"
      >
        <span
          class="rc-steps-icon"
        >
          2
        </span>
      </div>
      <div
        class="rc-steps-item-content"
      >
        <div
          class="rc-steps-item-title"
        >
          进行中
        </div>
        <div
          class="rc-steps-item-description"
        >
          xx
        </div>
      </div>
    </div>
  </div>
  <div
    class="rc-steps-item rc-steps-item-wait"
  >
    <div
      class="rc-steps-item-container"
    >
      <div
        class="rc-steps-item-tail"
      />
      <div
        class="rc-steps-item-icon"
      >
        <span
          class="rc-steps-icon"
        >
          3
        </span>
      </div>
      <div
        class="rc-steps-item-content"
      >
        <div
          class="rc-steps-item-title"
        >
          待运行
        </div>
        <div
          class="rc-steps-item-description"
        >
          xx
        </div>
      </div>
    </div>
  </div>
  <div
    class="rc-steps-item rc-steps-item-wait"
  >
    <div
      class="rc-steps-item-container"
    >
      <div
        class="rc-steps-item-tail"
      />
      <div
        class="rc-steps-item-icon"
      >
        <span
          class="rc-steps-icon"
        >
          4
        </span>
      </div>
      <div
        class="rc-steps-item-content"
      >
        <div
          class="rc-steps-item-title"
        >
          待运行
        </div>
        <div
          class="rc-steps-item-description"
        >
          xx
        </div>
      </div>
    </div>
  </div>
</div>
`;

exports[`Steps render renders step with description and status 1`] = `
<div
  class="rc-steps rc-steps-horizontal rc-steps-label-horizontal"
>
  <div
    class="rc-steps-item rc-steps-item-wait rc-steps-item-active"
  >
    <div
      class="rc-steps-item-container"
    >
      <div
        class="rc-steps-item-tail"
      />
      <div
        class="rc-steps-item-icon"
      >
        <span
          class="rc-steps-icon"
        >
          1
        </span>
      </div>
      <div
        class="rc-steps-item-content"
      >
        <div
          class="rc-steps-item-title"
        >
          已完成
        </div>
        <div
          class="rc-steps-item-description"
        >
          xx
        </div>
      </div>
    </div>
  </div>
  <div
    class="rc-steps-item rc-steps-item-wait"
  >
    <div
      class="rc-steps-item-container"
    >
      <div
        class="rc-steps-item-tail"
      />
      <div
        class="rc-steps-item-icon"
      >
        <span
          class="rc-steps-icon"
        >
          2
        </span>
      </div>
      <div
        class="rc-steps-item-content"
      >
        <div
          class="rc-steps-item-title"
        >
          进行中
        </div>
        <div
          class="rc-steps-item-description"
        >
          xx
        </div>
      </div>
    </div>
  </div>
  <div
    class="rc-steps-item rc-steps-item-process"
  >
    <div
      class="rc-steps-item-container"
    >
      <div
        class="rc-steps-item-tail"
      />
      <div
        class="rc-steps-item-icon"
      >
        <span
          class="rc-steps-icon"
        >
          3
        </span>
      </div>
      <div
        class="rc-steps-item-content"
      >
        <div
          class="rc-steps-item-title"
        >
          待运行
        </div>
        <div
          class="rc-steps-item-description"
        >
          xx
        </div>
      </div>
    </div>
  </div>
  <div
    class="rc-steps-item rc-steps-item-finish"
  >
    <div
      class="rc-steps-item-container"
    >
      <div
        class="rc-steps-item-tail"
      />
      <div
        class="rc-steps-item-icon"
      >
        <span
          class="rc-steps-icon rcicon rcicon-check"
        />
      </div>
      <div
        class="rc-steps-item-content"
      >
        <div
          class="rc-steps-item-title"
        >
          待运行
        </div>
        <div
          class="rc-steps-item-description"
        >
          xx
        </div>
      </div>
    </div>
  </div>
</div>
`;

exports[`Steps render renders step with tailContent 1`] = `
<div
  class="rc-steps rc-steps-horizontal rc-steps-label-horizontal"
>
  <div
    class="rc-steps-item rc-steps-item-process rc-steps-item-active"
  >
    <div
      class="rc-steps-item-container"
    >
      <div
        class="rc-steps-item-tail"
      >
        text
      </div>
      <div
        class="rc-steps-item-icon"
      >
        <span
          class="rc-steps-icon"
        >
          1
        </span>
      </div>
      <div
        class="rc-steps-item-content"
      >
        <div
          class="rc-steps-item-title"
        >
          已完成
        </div>
        <div
          class="rc-steps-item-description"
        >
          xx
        </div>
      </div>
    </div>
  </div>
  <div
    class="rc-steps-item rc-steps-item-wait"
  >
    <div
      class="rc-steps-item-container"
    >
      <div
        class="rc-steps-item-tail"
      >
        <div>
          content
        </div>
      </div>
      <div
        class="rc-steps-item-icon"
      >
        <span
          class="rc-steps-icon"
        >
          2
        </span>
      </div>
      <div
        class="rc-steps-item-content"
      >
        <div
          class="rc-steps-item-title"
        >
          进行中
        </div>
        <div
          class="rc-steps-item-description"
        >
          xx
        </div>
      </div>
    </div>
  </div>
  <div
    class="rc-steps-item rc-steps-item-wait"
  >
    <div
      class="rc-steps-item-container"
    >
      <div
        class="rc-steps-item-tail"
      >
        3
      </div>
      <div
        class="rc-steps-item-icon"
      >
        <span
          class="rc-steps-icon"
        >
          3
        </span>
      </div>
      <div
        class="rc-steps-item-content"
      >
        <div
          class="rc-steps-item-title"
        >
          待运行
        </div>
        <div
          class="rc-steps-item-description"
        >
          xx
        </div>
      </div>
    </div>
  </div>
  <div
    class="rc-steps-item rc-steps-item-wait"
  >
    <div
      class="rc-steps-item-container"
    >
      <div
        class="rc-steps-item-tail"
      >
        text
      </div>
      <div
        class="rc-steps-item-icon"
      >
        <span
          class="rc-steps-icon"
        >
          4
        </span>
      </div>
      <div
        class="rc-steps-item-content"
      >
        <div
          class="rc-steps-item-title"
        >
          待运行
        </div>
        <div
          class="rc-steps-item-description"
        >
          xx
        </div>
      </div>
    </div>
  </div>
</div>
`;

exports[`Steps render renders step with type navigation 1`] = `
<div
  class="rc-steps rc-steps-horizontal rc-steps-label-horizontal rc-steps-navigation"
>
  <div
    class="rc-steps-item rc-steps-item-finish"
  >
    <div
      class="rc-steps-item-container"
      role="button"
      tabindex="0"
    >
      <div
        class="rc-steps-item-tail"
      />
      <div
        class="rc-steps-item-icon"
      >
        <span
          class="rc-steps-icon rcicon rcicon-check"
        />
      </div>
      <div
        class="rc-steps-item-content"
      >
        <div
          class="rc-steps-item-title"
        >
          Step 1
          <div
            class="rc-steps-item-subtitle"
            title="剩余 00:00:05 超长隐藏"
          >
            剩余 00:00:05 超长隐藏
          </div>
        </div>
        <div
          class="rc-steps-item-description"
        >
          This is a description.
        </div>
      </div>
    </div>
  </div>
  <div
    class="rc-steps-item rc-steps-item-process rc-steps-item-active"
  >
    <div
      class="rc-steps-item-container"
      role="button"
      tabindex="0"
    >
      <div
        class="rc-steps-item-tail"
      />
      <div
        class="rc-steps-item-icon"
      >
        <span
          class="rc-steps-icon"
        >
          2
        </span>
      </div>
      <div
        class="rc-steps-item-content"
      >
        <div
          class="rc-steps-item-title"
        >
          Step 2
        </div>
        <div
          class="rc-steps-item-description"
        >
          This is a description.
        </div>
      </div>
    </div>
  </div>
  <div
    class="rc-steps-item rc-steps-item-wait rc-steps-item-disabled"
  >
    <div
      class="rc-steps-item-container"
    >
      <div
        class="rc-steps-item-tail"
      />
      <div
        class="rc-steps-item-icon"
      >
        <span
          class="rc-steps-icon"
        >
          3
        </span>
      </div>
      <div
        class="rc-steps-item-content"
      >
        <div
          class="rc-steps-item-title"
        >
          Step 3
        </div>
        <div
          class="rc-steps-item-description"
        >
          This is a description.
        </div>
      </div>
    </div>
  </div>
</div>
`;

exports[`Steps render renders vertical correctly 1`] = `
<div
  class="rc-steps rc-steps-vertical"
>
  <div
    class="rc-steps-item rc-steps-item-process rc-steps-item-active"
  >
    <div
      class="rc-steps-item-container"
    >
      <div
        class="rc-steps-item-tail"
      />
      <div
        class="rc-steps-item-icon"
      >
        <span
          class="rc-steps-icon"
        >
          1
        </span>
      </div>
      <div
        class="rc-steps-item-content"
      >
        <div
          class="rc-steps-item-title"
        >
          已完成
        </div>
      </div>
    </div>
  </div>
  <div
    class="rc-steps-item rc-steps-item-wait"
  >
    <div
      class="rc-steps-item-container"
    >
      <div
        class="rc-steps-item-tail"
      />
      <div
        class="rc-steps-item-icon"
      >
        <span
          class="rc-steps-icon"
        >
          2
        </span>
      </div>
      <div
        class="rc-steps-item-content"
      >
        <div
          class="rc-steps-item-title"
        >
          进行中
        </div>
      </div>
    </div>
  </div>
  <div
    class="rc-steps-item rc-steps-item-wait"
  >
    <div
      class="rc-steps-item-container"
    >
      <div
        class="rc-steps-item-tail"
      />
      <div
        class="rc-steps-item-icon"
      >
        <span
          class="rc-steps-icon"
        >
          3
        </span>
      </div>
      <div
        class="rc-steps-item-content"
      >
        <div
          class="rc-steps-item-title"
        >
          待运行
        </div>
      </div>
    </div>
  </div>
  <div
    class="rc-steps-item rc-steps-item-wait"
  >
    <div
      class="rc-steps-item-container"
    >
      <div
        class="rc-steps-item-tail"
      />
      <div
        class="rc-steps-item-icon"
      >
        <span
          class="rc-steps-icon"
        >
          4
        </span>
      </div>
      <div
        class="rc-steps-item-content"
      >
        <div
          class="rc-steps-item-title"
        >
          待运行
        </div>
      </div>
    </div>
  </div>
</div>
`;

exports[`Steps render renders with fasly children 1`] = `
<div
  class="rc-steps rc-steps-horizontal rc-steps-label-horizontal"
>
  <div
    class="rc-steps-item rc-steps-item-wait rc-steps-item-active"
  >
    <div
      class="rc-steps-item-container"
    >
      <div
        class="rc-steps-item-tail"
      />
      <div
        class="rc-steps-item-icon"
      >
        <span
          class="rc-steps-icon"
        >
          1
        </span>
      </div>
      <div
        class="rc-steps-item-content"
      >
        <div
          class="rc-steps-item-title"
        >
          已完成
        </div>
        <div
          class="rc-steps-item-description"
        >
          xx
        </div>
      </div>
    </div>
  </div>
  <div
    class="rc-steps-item rc-steps-item-wait"
  >
    <div
      class="rc-steps-item-container"
    >
      <div
        class="rc-steps-item-tail"
      />
      <div
        class="rc-steps-item-icon"
      >
        <span
          class="rc-steps-icon"
        >
          2
        </span>
      </div>
      <div
        class="rc-steps-item-content"
      >
        <div
          class="rc-steps-item-title"
        >
          进行中
          <div
            class="rc-steps-item-subtitle"
            title="剩余 00:00:07"
          >
            剩余 00:00:07
          </div>
        </div>
        <div
          class="rc-steps-item-description"
        >
          xx
        </div>
      </div>
    </div>
  </div>
  <div
    class="rc-steps-item rc-steps-item-process"
  >
    <div
      class="rc-steps-item-container"
    >
      <div
        class="rc-steps-item-tail"
      />
      <div
        class="rc-steps-item-icon"
      >
        <span
          class="rc-steps-icon"
        >
          3
        </span>
      </div>
      <div
        class="rc-steps-item-content"
      >
        <div
          class="rc-steps-item-title"
        >
          待运行
        </div>
        <div
          class="rc-steps-item-description"
        >
          xx
        </div>
      </div>
    </div>
  </div>
  <div
    class="rc-steps-item rc-steps-item-finish rc-steps-item-disabled"
  >
    <div
      class="rc-steps-item-container"
    >
      <div
        class="rc-steps-item-tail"
      />
      <div
        class="rc-steps-item-icon"
      >
        <span
          class="rc-steps-icon rcicon rcicon-check"
        />
      </div>
      <div
        class="rc-steps-item-content"
      >
        <div
          class="rc-steps-item-title"
        >
          待运行
        </div>
        <div
          class="rc-steps-item-description"
        >
          xx
        </div>
      </div>
    </div>
  </div>
</div>
`;

exports[`Steps render should render svg finishIcon and errorIcon correctly 1`] = `
<div
  class="rc-steps rc-steps-horizontal rc-steps-label-horizontal"
>
  <div
    class="rc-steps-item rc-steps-item-finish rc-steps-next-error"
  >
    <div
      class="rc-steps-item-container"
    >
      <div
        class="rc-steps-item-tail"
      />
      <div
        class="rc-steps-item-icon"
      >
        <span
          class="rc-steps-icon"
        >
          <svg
            fill="currentColor"
            height="1em"
            style="vertical-align:-.125em"
            viewBox="0 0 1024 1024"
            width="1em"
          >
            <path
              d="M923 283.6c-13.4-31.1-32.6-58.9-56.9-82.8-24.3-23.8-52.5-42.4-84-55.5-32.5-13.5-66.9-20.3-102.4-20.3-49.3 0-97.4 13.5-139.2 39-10 6.1-19.5 12.8-28.5 20.1-9-7.3-18.5-14-28.5-20.1-41.8-25.5-89.9-39-139.2-39-35.5 0-69.9 6.8-102.4 20.3-31.4 13-59.7 31.7-84 55.5-24.4 23.9-43.5 51.7-56.9 82.8-13.9 32.3-21 66.6-21 101.9 0 33.3 6.8 68 20.3 103.3 11.3 29.5 27.5 60.1 48.2 91 32.8 48.9 77.9 99.9 133.9 151.6 92.8 85.7 184.7 144.9 188.6 147.3l23.7 15.2c10.5 6.7 24 6.7 34.5 0l23.7-15.2c3.9-2.5 95.7-61.6 188.6-147.3 56-51.7 101.1-102.7 133.9-151.6 20.7-30.9 37-61.5 48.2-91 13.5-35.3 20.3-70 20.3-103.3 0.1-35.3-7-69.6-20.9-101.9z"
            />
          </svg>
        </span>
      </div>
      <div
        class="rc-steps-item-content"
      >
        <div
          class="rc-steps-item-title"
        >
          Finished
        </div>
        <div
          class="rc-steps-item-description"
        >
          This is a description
        </div>
      </div>
    </div>
  </div>
  <div
    class="rc-steps-item rc-steps-item-error rc-steps-item-active"
  >
    <div
      class="rc-steps-item-container"
    >
      <div
        class="rc-steps-item-tail"
      />
      <div
        class="rc-steps-item-icon"
      >
        <span
          class="rc-steps-icon"
        >
          <svg
            fill="currentColor"
            height="1em"
            style="vertical-align:-.125em"
            viewBox="0 0 1024 1024"
            width="1em"
          >
            <path
              d="M512 0C229.2 0 0 229.2 0 512s229.2 512 512 512 512-229.2 512-512S794.8 0 512 0zm311.1 823.1c-40.4 40.4-87.5 72.2-139.9 94.3C629 940.4 571.4 952 512 952s-117-11.6-171.2-34.5c-52.4-22.2-99.4-53.9-139.9-94.3-40.4-40.4-72.2-87.5-94.3-139.9C83.6 629 72 571.4 72 512s11.6-117 34.5-171.2c22.2-52.4 53.9-99.4 94.3-139.9 40.4-40.4 87.5-72.2 139.9-94.3C395 83.6 452.6 72 512 72s117 11.6 171.2 34.5c52.4 22.2 99.4 53.9 139.9 94.3 40.4 40.4 72.2 87.5 94.3 139.9C940.4 395 952 452.6 952 512s-11.6 117-34.5 171.2c-22.2 52.4-53.9 99.5-94.4 139.9z"
            />
            <path
              d="M640.3 765.5c-19.9 0-36-16.1-36-36 0-50.9-41.4-92.3-92.3-92.3s-92.3 41.4-92.3 92.3c0 19.9-16.1 36-36 36s-36-16.1-36-36c0-90.6 73.7-164.3 164.3-164.3s164.3 73.7 164.3 164.3c0 19.9-16.1 36-36 36zM194.2 382.4a60 60 0 1 0 120 0 60 60 0 1 0-120 0zM709.5 382.4a60 60 0 1 0 120 0 60 60 0 1 0-120 0z"
            />
          </svg>
        </span>
      </div>
      <div
        class="rc-steps-item-content"
      >
        <div
          class="rc-steps-item-title"
        >
          In Process
        </div>
        <div
          class="rc-steps-item-description"
        >
          This is a description
        </div>
      </div>
    </div>
  </div>
  <div
    class="rc-steps-item rc-steps-item-wait"
  >
    <div
      class="rc-steps-item-container"
    >
      <div
        class="rc-steps-item-tail"
      />
      <div
        class="rc-steps-item-icon"
      >
        <span
          class="rc-steps-icon"
        >
          3
        </span>
      </div>
      <div
        class="rc-steps-item-content"
      >
        <div
          class="rc-steps-item-title"
        >
          Waiting
        </div>
        <div
          class="rc-steps-item-description"
        >
          This is a description
        </div>
      </div>
    </div>
  </div>
</div>
`;
